\BOOKMARK [0][-]{chapter.1}{\376\377\000I\000N\000T\000R\000O\000D\000U\000C\000T\000I\000O\000N}{}% 1
\BOOKMARK [1][-]{section.1.1}{\376\377\000P\000r\000o\000b\000l\000e\000m\000\040\000S\000t\000a\000t\000e\000m\000e\000n\000t}{chapter.1}% 2
\BOOKMARK [1][-]{section.1.2}{\376\377\000B\000a\000c\000k\000g\000r\000o\000u\000n\000d\000\040\000a\000n\000d\000\040\000P\000r\000o\000b\000l\000e\000m\000s\000\040\000o\000f\000\040\000R\000e\000s\000e\000a\000r\000c\000h}{chapter.1}% 3
\BOOKMARK [1][-]{section.1.3}{\376\377\000R\000e\000s\000e\000a\000r\000c\000h\000\040\000O\000b\000j\000e\000c\000t\000i\000v\000e\000s\000\040\000a\000n\000d\000\040\000C\000o\000n\000c\000e\000p\000t\000u\000a\000l\000\040\000F\000r\000a\000m\000e\000w\000o\000r\000k}{chapter.1}% 4
\BOOKMARK [1][-]{section.1.4}{\376\377\000C\000o\000n\000t\000r\000i\000b\000u\000t\000i\000o\000n\000s}{chapter.1}% 5
\BOOKMARK [1][-]{section.1.5}{\376\377\000O\000r\000g\000a\000n\000i\000z\000a\000t\000i\000o\000n\000\040\000o\000f\000\040\000T\000h\000e\000s\000i\000s}{chapter.1}% 6
\BOOKMARK [0][-]{chapter.2}{\376\377\000L\000I\000T\000E\000R\000A\000T\000U\000R\000E\000\040\000R\000E\000V\000I\000E\000W}{}% 7
\BOOKMARK [1][-]{section.2.1}{\376\377\000S\000c\000o\000p\000e\000\040\000o\000f\000\040\000R\000e\000s\000e\000a\000r\000c\000h}{chapter.2}% 8
\BOOKMARK [1][-]{section.2.2}{\376\377\000R\000e\000l\000a\000t\000e\000d\000\040\000W\000o\000r\000k}{chapter.2}% 9
\BOOKMARK [1][-]{section.2.3}{\376\377\000B\000a\000c\000k\000g\000r\000o\000u\000n\000d\000\040\000K\000n\000o\000w\000l\000e\000d\000g\000e}{chapter.2}% 10
\BOOKMARK [2][-]{subsection.2.3.1}{\376\377\000F\000e\000a\000t\000u\000r\000e\000\040\000E\000x\000t\000r\000a\000c\000t\000i\000o\000n}{section.2.3}% 11
\BOOKMARK [2][-]{subsection.2.3.2}{\376\377\000T\000e\000m\000p\000o\000r\000a\000l\000\040\000A\000r\000c\000h\000i\000t\000e\000c\000t\000u\000r\000e\000s}{section.2.3}% 12
\BOOKMARK [2][-]{subsection.2.3.3}{\376\377\000L\000o\000s\000s\000\040\000F\000u\000n\000c\000t\000i\000o\000n\000s\000\040\000f\000o\000r\000\040\000I\000m\000b\000a\000l\000a\000n\000c\000e\000\040\000a\000n\000d\000\040\000O\000r\000d\000i\000n\000a\000l\000i\000t\000y}{section.2.3}% 13
\BOOKMARK [2][-]{subsection.2.3.4}{\376\377\000E\000v\000a\000l\000u\000a\000t\000i\000o\000n\000\040\000M\000e\000t\000r\000i\000c\000s}{section.2.3}% 14
\BOOKMARK [2][-]{subsection.2.3.5}{\376\377\000S\000t\000a\000t\000i\000s\000t\000i\000c\000a\000l\000\040\000M\000e\000a\000s\000u\000r\000e\000s\000\040\000f\000o\000r\000\040\000R\000e\000s\000u\000l\000t\000\040\000A\000n\000a\000l\000y\000s\000i\000s}{section.2.3}% 15
\BOOKMARK [0][-]{chapter.3}{\376\377\000M\000E\000T\000H\000O\000D\000O\000L\000O\000G\000Y}{}% 16
\BOOKMARK [1][-]{section.3.1}{\376\377\000O\000v\000e\000r\000v\000i\000e\000w}{chapter.3}% 17
\BOOKMARK [1][-]{section.3.2}{\376\377\000D\000a\000t\000a\000\040\000a\000n\000d\000\040\000P\000r\000e\000p\000r\000o\000c\000e\000s\000s\000i\000n\000g}{chapter.3}% 18
\BOOKMARK [2][-]{subsection.3.2.1}{\376\377\000P\000u\000b\000l\000i\000c\000\040\000d\000a\000t\000a\000s\000e\000t\000s}{section.3.2}% 19
\BOOKMARK [2][-]{subsection.3.2.2}{\376\377\000P\000r\000i\000v\000a\000t\000e\000\040\000d\000a\000t\000a\000s\000e\000t}{section.3.2}% 20
\BOOKMARK [2][-]{subsection.3.2.3}{\376\377\000P\000r\000e\000p\000r\000o\000c\000e\000s\000s\000i\000n\000g}{section.3.2}% 21
\BOOKMARK [1][-]{section.3.3}{\376\377\000B\000a\000s\000e\000l\000i\000n\000e\000\040\000M\000o\000d\000e\000l\000s}{chapter.3}% 22
\BOOKMARK [1][-]{section.3.4}{\376\377\000P\000r\000o\000p\000o\000s\000e\000d\000\040\000H\000y\000b\000r\000i\000d\000\040\000M\000o\000d\000e\000l}{chapter.3}% 23
\BOOKMARK [2][-]{subsection.3.4.1}{\376\377\000G\000r\000o\000u\000p\000i\000n\000g\000\040\000t\000h\000e\000\040\000f\000a\000c\000i\000a\000l\000\040\000f\000e\000a\000t\000u\000r\000e\000s\000\040\000b\000y\000\040\000m\000e\000a\000n\000i\000n\000g}{section.3.4}% 24
\BOOKMARK [2][-]{subsection.3.4.2}{\376\377\000P\000r\000o\000p\000o\000s\000e\000d\000\040\000m\000o\000d\000e\000l\000\040\000a\000r\000c\000h\000i\000t\000e\000c\000t\000u\000r\000e}{section.3.4}% 25
\BOOKMARK [0][-]{chapter.4}{\376\377\000E\000X\000P\000E\000R\000I\000M\000E\000N\000T\000A\000L\000\040\000R\000E\000S\000U\000L\000T\000S}{}% 26
\BOOKMARK [1][-]{section.4.1}{\376\377\000E\000x\000p\000e\000r\000i\000m\000e\000n\000t\000a\000l\000\040\000S\000e\000t\000u\000p}{chapter.4}% 27
\BOOKMARK [2][-]{subsection.4.1.1}{\376\377\000H\000a\000r\000d\000w\000a\000r\000e\000\040\000S\000p\000e\000c\000i\000f\000i\000c\000a\000t\000i\000o\000n}{section.4.1}% 28
\BOOKMARK [2][-]{subsection.4.1.2}{\376\377\000H\000y\000p\000e\000r\000-\000p\000a\000r\000a\000m\000e\000t\000e\000r\000\040\000S\000p\000e\000c\000i\000f\000i\000c\000a\000t\000i\000o\000n}{section.4.1}% 29
\BOOKMARK [2][-]{subsection.4.1.3}{\376\377\000E\000v\000a\000l\000u\000a\000t\000i\000o\000n\000\040\000P\000r\000o\000t\000o\000c\000o\000l}{section.4.1}% 30
\BOOKMARK [1][-]{section.4.2}{\376\377\000C\000M\000O\000S\000E\000\040\000I\000n\000-\000D\000o\000m\000a\000i\000n\000\040\000R\000e\000s\000u\000l\000t}{chapter.4}% 31
\BOOKMARK [1][-]{section.4.3}{\376\377\000C\000r\000o\000s\000s\000-\000D\000a\000t\000a\000s\000e\000t\000\040\000R\000e\000s\000u\000l\000t}{chapter.4}% 32
\BOOKMARK [1][-]{section.4.4}{\376\377\000P\000r\000i\000v\000a\000t\000e\000\040\000D\000a\000t\000a\000s\000e\000t\000\040\000R\000e\000s\000u\000l\000t}{chapter.4}% 33
\BOOKMARK [0][-]{chapter.5}{\376\377\000C\000O\000N\000C\000L\000U\000S\000I\000O\000N\000S}{}% 34
\BOOKMARK [1][-]{section.5.1}{\376\377\000S\000u\000m\000m\000a\000r\000y}{chapter.5}% 35
\BOOKMARK [1][-]{section.5.2}{\376\377\000S\000u\000g\000g\000e\000s\000t\000i\000o\000n\000\040\000f\000o\000r\000\040\000F\000u\000t\000u\000r\000e\000\040\000W\000o\000r\000k}{chapter.5}% 36
\BOOKMARK [0][-]{section*.28}{\376\377\000R\000E\000F\000E\000R\000E\000N\000C\000E}{}% 37
\BOOKMARK [0][-]{section*.29}{\376\377\000A\000P\000P\000E\000N\000D\000I\000X}{}% 38
\BOOKMARK [0][-]{appendix.A}{\376\377\000B\000A\000S\000E\000L\000I\000N\000E\000\040\000M\000O\000D\000E\000L\000S}{}% 39
\BOOKMARK [1][-]{section.A.1}{\376\377\000E\000x\000p\000e\000r\000i\000m\000e\000n\000t\000a\000l\000\040\000S\000e\000t\000u\000p}{appendix.A}% 40
\BOOKMARK [1][-]{section.A.2}{\376\377\000E\000v\000a\000l\000u\000a\000t\000i\000o\000n\000\040\000P\000r\000o\000t\000o\000c\000o\000l}{appendix.A}% 41
\BOOKMARK [2][-]{subsection.A.2.1}{\376\377\000S\000e\000l\000e\000c\000t\000i\000n\000g\000\040\000t\000h\000e\000\040\000P\000r\000i\000m\000a\000r\000y\000\040\000M\000e\000t\000r\000i\000c}{section.A.2}% 42
\BOOKMARK [2][-]{subsection.A.2.2}{\376\377\000S\000e\000l\000e\000c\000t\000i\000n\000g\000\040\000t\000h\000e\000\040\000D\000e\000v\000e\000l\000o\000p\000m\000e\000n\000t\000\040\000D\000a\000t\000a\000s\000e\000t}{section.A.2}% 43
\BOOKMARK [2][-]{subsection.A.2.3}{\376\377\000S\000e\000l\000e\000c\000t\000i\000n\000g\000\040\000t\000h\000e\000\040\000D\000e\000v\000e\000l\000o\000p\000m\000e\000n\000t\000\040\000L\000o\000s\000s}{section.A.2}% 44
\BOOKMARK [1][-]{section.A.3}{\376\377\000I\000n\000-\000D\000o\000m\000a\000i\000n\000\040\000R\000e\000s\000u\000l\000t\000s}{appendix.A}% 45
\BOOKMARK [1][-]{section.A.4}{\376\377\000P\000r\000e\000d\000i\000c\000t\000i\000o\000n\000\040\000A\000g\000r\000e\000e\000m\000e\000n\000t}{appendix.A}% 46
\BOOKMARK [1][-]{section.A.5}{\376\377\000C\000r\000o\000s\000s\000-\000D\000a\000t\000a\000s\000e\000t\000\040\000G\000e\000n\000e\000r\000a\000l\000i\000s\000a\000t\000i\000o\000n}{appendix.A}% 47
